// Jest Snapshot v1, https://goo.gl/fbAQLP

exports[`render correctly 1`] = `
<div>
  <div>
    <div
      class="css-kj0z6i"
      style="color: red;"
    >
      Project Name 0
    </div>
    <div
      class="css-kj0z6i"
      style="color: red;"
    >
      Project Name 1
    </div>
    <div
      class="css-kj0z6i"
      style="color: red;"
    >
      Project Name 2
    </div>
    <div
      class="css-kj0z6i"
      style="color: red;"
    >
      Project Name 3
    </div>
    <div
      class="css-kj0z6i"
      style="color: red;"
    >
      Project Name 4
    </div>
    <div
      class="css-kj0z6i"
      style="color: red;"
    >
      Project Name 5
    </div>
    <div
      class="css-kj0z6i"
      style="color: red;"
    >
      Project Name 6
    </div>
    <div
      class="css-kj0z6i"
      style="color: red;"
    >
      Project Name 7
    </div>
    <div
      class="css-kj0z6i"
      style="color: red;"
    >
      Project Name 8
    </div>
    <div
      class="css-kj0z6i"
      style="color: red;"
    >
      Project Name 9
    </div>
  </div>
</div>
`;
