// Jest Snapshot v1, https://goo.gl/fbAQLP

exports[`render correctly 1`] = `
<div>
  <div>
    <div
      class="css-kj0z6i"
    >
      🏷️ 
      Tag Name 0
    </div>
    <div
      class="css-kj0z6i"
    >
      🏷️ 
      Tag Name 1
    </div>
    <div
      class="css-kj0z6i"
    >
      🏷️ 
      Tag Name 2
    </div>
    <div
      class="css-kj0z6i"
    >
      🏷️ 
      Tag Name 3
    </div>
    <div
      class="css-kj0z6i"
    >
      🏷️ 
      Tag Name 4
    </div>
    <div
      class="css-kj0z6i"
    >
      🏷️ 
      Tag Name 5
    </div>
    <div
      class="css-kj0z6i"
    >
      🏷️ 
      Tag Name 6
    </div>
    <div
      class="css-kj0z6i"
    >
      🏷️ 
      Tag Name 7
    </div>
    <div
      class="css-kj0z6i"
    >
      🏷️ 
      Tag Name 8
    </div>
    <div
      class="css-kj0z6i"
    >
      🏷️ 
      Tag Name 9
    </div>
  </div>
</div>
`;
